// Jest Snapshot v1, https://goo.gl/fbAQLP

exports[`ColorRadio correctly render correctly 1`] = `
<input
  type="radio"
/>
`;
