// Jest Snapshot v1, https://goo.gl/fbAQLP

exports[`ColorBar correctly render correctly 1`] = `
<div
  style="position:relative;display:inline-block;width:20px;height:256px;background:linear-gradient(to top, rgb(0,0,0), 
					rgb(255, 0, 0);cursor:default;"
>
  <div
    style="position:absolute;left:0;top:0%;"
  >
    <div
      style="width:4px;border-radius:1px;height:8px;box-shadow:0 0 2px rgba(0, 0, 0, .6);background:#fff;transform:translateY(-4px);"
    />
  </div>
</div>
`;

exports[`PsPointer renders correctly render correctly 1`] = `
<div
  style="position:absolute;width:40px;transform:translate(-10px, -5px);"
>
  <svg
    fill="#fff"
    height="10px"
    stroke="#000"
    style="float:left;transform:rotate(180deg);"
    version="1.1"
    width="10px"
    xmlns="http://www.w3.org/2000/svg"
  >
    <path
      d="M0 5 L6 1 L8 1 A2 2 0 0 1 9 2 L9 8 A2 2 0 0 1 8 9 L6 9 L0 5"
    />
  </svg>
  <svg
    fill="#fff"
    height="10px"
    stroke="#000"
    style="float:right;"
    version="1.1"
    width="10px"
    xmlns="http://www.w3.org/2000/svg"
  >
    <path
      d="M0 5 L6 1 L8 1 A2 2 0 0 1 9 2 L9 8 A2 2 0 0 1 8 9 L6 9 L0 5"
    />
  </svg>
</div>
`;
