// Jest Snapshot v1, https://goo.gl/fbAQLP

exports[`ColorHexInput render correctly 1`] = `
<div
  style="position:relative;width:550px;height:354px;box-shadow:rgba(0, 0, 0, 0.247059) 0px 0px 0px 1px, rgba(0, 0, 0, 0.14902) 0px 8px 16px;background:#ededed;font-size:Robot nono Sans-serif;"
>
  <div
    style="box-sizing:border-box;position:absolute;color:#666;left:0;top:0;width:100%;height:26px;line-height:26px;padding-left:4px;font-size:13px;background:#fff;"
  >
    Color Picker
  </div>
  <div
    style="position:absolute;height:255px;background:linear-gradient(to top, #000, transparent),linear-gradient(to right, #FFF, rgba(255,255,255,0)),
            linear-gradient(to top, hsl(206.57142857142858, 100%, 50%), hsl(206.57142857142858, 100%, 50%));cursor:default;left:12px;top:57px;width:255px;"
  >
    <div
      style="position:absolute;top:4.705882352941182%;left:86.41975308641975%;"
    >
      <div
        style="width:10px;height:10px;box-shadow:0 0 0 1.5px #fff, inset 0 0 1px 1px rgba(0,0,0,.3),
            0 0 1px 2px rgba(0,0,0,.4);border-radius:50%;transform:translate(-5px, -5px);"
      />
    </div>
  </div>
  <div
    style="position:relative;height:255px;background-image:linear-gradient(to top, #f00 0%, #ff0 17%, #0f0 33%,
            #0ff 50%, #00f 67%, #f0f 83%, #f00 100%);curosr:default;display:absolute;left:280px;top:57px;width:20px;"
  >
    <div
      style="position:absolute;top:42.61904761904761%;"
    >
      <div
        style="position:absolute;width:40px;transform:translate(-10px, -5px);"
      >
        <svg
          fill="#fff"
          height="10px"
          stroke="#666"
          style="float:left;transform:rotate(180deg);"
          version="1.1"
          width="10px"
          xmlns="http://www.w3.org/2000/svg"
        >
          <path
            d="M0 5 L6 1 L8 1 A2 2 0 0 1 9 2 L9 8 A2 2 0 0 1 8 9 L6 9 L0 5"
          />
        </svg>
        <svg
          fill="#fff"
          height="10px"
          stroke="#666"
          style="float:right;"
          version="1.1"
          width="10px"
          xmlns="http://www.w3.org/2000/svg"
        >
          <path
            d="M0 5 L6 1 L8 1 A2 2 0 0 1 9 2 L9 8 A2 2 0 0 1 8 9 L6 9 L0 5"
          />
        </svg>
      </div>
    </div>
  </div>
  <div
    data-color="1"
    style="position:absolute;left:315px;top:44px;width:60px;height:68px;"
  >
    <p
      style="margin:0;font-size:13px;text-align:center;"
    >
      new
    </p>
    <div
      style="height:34px;background-image:linear-gradient(rgb(33,150,243),rgb(33,150,243),rgb(33,150,243),rgb(33,150,243), rgb(33,150,243),rgb(33,150,243),rgb(33,150,243),rgb(33,150,243)),
        									linear-gradient(45deg, #ccc 25%, transparent 25%, transparent 75%, #ccc 75%, #ccc),
        									linear-gradient(45deg, #ccc 25%, transparent 25%, transparent 75%, #ccc 75%, #ccc);background-size:100% 100%,12px 12px,12px 12px;background-position:0 0,0 0, 6px 6px;background-color:#fff;"
    />
    <div
      style="height:34px;background-image:linear-gradient(rgb(33,150,243),rgb(33,150,243),rgb(33,150,243),rgb(33,150,243), rgb(33,150,243),rgb(33,150,243),rgb(33,150,243),rgb(33,150,243)),
        									linear-gradient(45deg, #ccc 25%, transparent 25%, transparent 75%, #ccc 75%, #ccc),
        									linear-gradient(45deg, #ccc 25%, transparent 25%, transparent 75%, #ccc 75%, #ccc);background-size:100% 100%,12px 12px,12px 12px;background-position:0 0,0 0, 6px 6px;background-color:#fff;"
    />
    <p
      style="margin:0;font-size:13px;text-align:center;"
    >
      current
    </p>
  </div>
  <div
    style="position:absolute;left:426px;top:36px;"
  >
    <button
      style="width:115px;height:20px;margin-bottom:10px;"
    >
      OK
    </button>
    <button
      style="width:115px;height:20px;margin-bottom:10px;"
    >
      Cancel
    </button>
  </div>
  <div
    data-color="1"
    style="position:absolute;left:315px;top:167px;"
  >
    <div
      data-color="1"
      style="margin-bottom:4px;height:19px;"
    >
      <input
        checked=""
        type="radio"
      />
      <div
        style="display:inline-block;position:relative;margin-bottom:4px;"
      >
        <span
          style="display:inline-block;height:100%;font-size:13px;vertical-align:top;width:20px;line-height:20px;"
        >
          H:
        </span>
        <input
          style="vertical-align:top;width:45px;box-sizing:border-box;height:20px;padding:0 2px;font-size:12px;"
          type="text"
          value="207"
        />
        <span
          style="display:inline-block;height:100%;font-size:13px;vertical-align:top;padding-left:4px;line-height:20px;"
        >
          Â°
        </span>
      </div>
    </div>
    <div
      data-color="1"
      style="margin-bottom:4px;height:19px;"
    >
      <input
        type="radio"
      />
      <div
        style="display:inline-block;position:relative;margin-bottom:4px;"
      >
        <span
          style="display:inline-block;height:100%;font-size:13px;vertical-align:top;width:20px;line-height:20px;"
        >
          S:
        </span>
        <input
          style="vertical-align:top;width:45px;box-sizing:border-box;height:20px;padding:0 2px;font-size:12px;"
          type="text"
          value="86"
        />
        <span
          style="display:inline-block;height:100%;font-size:13px;vertical-align:top;padding-left:4px;line-height:20px;"
        >
          %
        </span>
      </div>
    </div>
    <div
      data-color="1"
      style="margin-bottom:4px;height:19px;"
    >
      <input
        type="radio"
      />
      <div
        style="display:inline-block;position:relative;margin-bottom:4px;"
      >
        <span
          style="display:inline-block;height:100%;font-size:13px;vertical-align:top;width:20px;line-height:20px;"
        >
          V:
        </span>
        <input
          style="vertical-align:top;width:45px;box-sizing:border-box;height:20px;padding:0 2px;font-size:12px;"
          type="text"
          value="95"
        />
        <span
          style="display:inline-block;height:100%;font-size:13px;vertical-align:top;padding-left:4px;line-height:20px;"
        >
          %
        </span>
      </div>
    </div>
  </div>
  <div
    data-color="1"
    style="position:absolute;left:315px;top:244px;"
  >
    <div
      data-color="1"
      style="margin-bottom:4px;height:19px;"
    >
      <input
        type="radio"
      />
      <div
        style="display:inline-block;position:relative;margin-bottom:4px;"
      >
        <span
          style="display:inline-block;height:100%;font-size:13px;vertical-align:top;width:20px;line-height:20px;"
        >
          R:
        </span>
        <input
          style="vertical-align:top;width:45px;box-sizing:border-box;height:20px;padding:0 2px;font-size:12px;"
          type="text"
          value="33"
        />
        <span
          style="display:inline-block;height:100%;font-size:13px;vertical-align:top;padding-left:4px;line-height:20px;"
        />
      </div>
    </div>
    <div
      data-color="1"
      style="margin-bottom:4px;height:19px;"
    >
      <input
        type="radio"
      />
      <div
        style="display:inline-block;position:relative;margin-bottom:4px;"
      >
        <span
          style="display:inline-block;height:100%;font-size:13px;vertical-align:top;width:20px;line-height:20px;"
        >
          G:
        </span>
        <input
          style="vertical-align:top;width:45px;box-sizing:border-box;height:20px;padding:0 2px;font-size:12px;"
          type="text"
          value="150"
        />
        <span
          style="display:inline-block;height:100%;font-size:13px;vertical-align:top;padding-left:4px;line-height:20px;"
        />
      </div>
    </div>
    <div
      data-color="1"
      style="margin-bottom:4px;height:19px;"
    >
      <input
        type="radio"
      />
      <div
        style="display:inline-block;position:relative;margin-bottom:4px;"
      >
        <span
          style="display:inline-block;height:100%;font-size:13px;vertical-align:top;width:20px;line-height:20px;"
        >
          B:
        </span>
        <input
          style="vertical-align:top;width:45px;box-sizing:border-box;height:20px;padding:0 2px;font-size:12px;"
          type="text"
          value="243"
        />
        <span
          style="display:inline-block;height:100%;font-size:13px;vertical-align:top;padding-left:4px;line-height:20px;"
        />
      </div>
    </div>
  </div>
  <div
    data-color="1"
    style="position:absolute;left:455px;top:167px;"
  >
    <div
      data-color="1"
      style="margin-bottom:4px;height:19px;"
    >
      <div
        style="display:inline-block;position:relative;margin-bottom:4px;"
      >
        <span
          style="display:inline-block;height:100%;font-size:13px;vertical-align:top;width:20px;line-height:20px;"
        >
          L:
        </span>
        <input
          style="vertical-align:top;width:56px;box-sizing:border-box;height:20px;padding:0 2px;font-size:12px;"
          type="text"
          value="60"
        />
        <span
          style="display:inline-block;height:100%;font-size:13px;vertical-align:top;padding-left:4px;line-height:20px;"
        />
      </div>
    </div>
    <div
      data-color="1"
      style="margin-bottom:4px;height:19px;"
    >
      <div
        style="display:inline-block;position:relative;margin-bottom:4px;"
      >
        <span
          style="display:inline-block;height:100%;font-size:13px;vertical-align:top;width:20px;line-height:20px;"
        >
          a:
        </span>
        <input
          style="vertical-align:top;width:56px;box-sizing:border-box;height:20px;padding:0 2px;font-size:12px;"
          type="text"
          value="2"
        />
        <span
          style="display:inline-block;height:100%;font-size:13px;vertical-align:top;padding-left:4px;line-height:20px;"
        />
      </div>
    </div>
    <div
      data-color="1"
      style="margin-bottom:4px;height:19px;"
    >
      <div
        style="display:inline-block;position:relative;margin-bottom:4px;"
      >
        <span
          style="display:inline-block;height:100%;font-size:13px;vertical-align:top;width:20px;line-height:20px;"
        >
          b:
        </span>
        <input
          style="vertical-align:top;width:56px;box-sizing:border-box;height:20px;padding:0 2px;font-size:12px;"
          type="text"
          value="-55"
        />
        <span
          style="display:inline-block;height:100%;font-size:13px;vertical-align:top;padding-left:4px;line-height:20px;"
        />
      </div>
    </div>
  </div>
  <div
    data-color="1"
    style="position:absolute;left:455px;top:244px;"
  >
    <div
      data-color="1"
      style="margin-bottom:4px;height:19px;"
    >
      <div
        style="display:inline-block;position:relative;margin-bottom:4px;"
      >
        <span
          style="display:inline-block;height:100%;font-size:13px;vertical-align:top;width:20px;line-height:20px;"
        >
          C:
        </span>
        <input
          style="vertical-align:top;width:45px;box-sizing:border-box;height:20px;padding:0 2px;font-size:12px;"
          type="text"
          value="86"
        />
        <span
          style="display:inline-block;height:100%;font-size:13px;vertical-align:top;padding-left:4px;line-height:20px;"
        >
          %
        </span>
      </div>
    </div>
    <div
      data-color="1"
      style="margin-bottom:4px;height:19px;"
    >
      <div
        style="display:inline-block;position:relative;margin-bottom:4px;"
      >
        <span
          style="display:inline-block;height:100%;font-size:13px;vertical-align:top;width:20px;line-height:20px;"
        >
          M:
        </span>
        <input
          style="vertical-align:top;width:45px;box-sizing:border-box;height:20px;padding:0 2px;font-size:12px;"
          type="text"
          value="38"
        />
        <span
          style="display:inline-block;height:100%;font-size:13px;vertical-align:top;padding-left:4px;line-height:20px;"
        >
          %
        </span>
      </div>
    </div>
    <div
      data-color="1"
      style="margin-bottom:4px;height:19px;"
    >
      <div
        style="display:inline-block;position:relative;margin-bottom:4px;"
      >
        <span
          style="display:inline-block;height:100%;font-size:13px;vertical-align:top;width:20px;line-height:20px;"
        >
          Y:
        </span>
        <input
          style="vertical-align:top;width:45px;box-sizing:border-box;height:20px;padding:0 2px;font-size:12px;"
          type="text"
          value="0"
        />
        <span
          style="display:inline-block;height:100%;font-size:13px;vertical-align:top;padding-left:4px;line-height:20px;"
        >
          %
        </span>
      </div>
    </div>
    <div
      data-color="1"
      style="margin-bottom:4px;height:19px;"
    >
      <div
        style="display:inline-block;position:relative;margin-bottom:4px;"
      >
        <span
          style="display:inline-block;height:100%;font-size:13px;vertical-align:top;width:20px;line-height:20px;"
        >
          K:
        </span>
        <input
          style="vertical-align:top;width:45px;box-sizing:border-box;height:20px;padding:0 2px;font-size:12px;"
          type="text"
          value="5"
        />
        <span
          style="display:inline-block;height:100%;font-size:13px;vertical-align:top;padding-left:4px;line-height:20px;"
        >
          %
        </span>
      </div>
    </div>
  </div>
  <div
    data-color="1"
    style="position:absolute;left:318px;top:319px;"
  >
    <div
      style="display:inline-block;position:relative;margin-bottom:4px;"
    >
      <span
        style="display:inline-block;height:100%;font-size:13px;vertical-align:top;width:20px;line-height:20px;"
      >
        #
      </span>
      <input
        style="vertical-align:top;width:80px;box-sizing:border-box;height:20px;padding:0 2px;font-size:12px;"
        value="2196f3"
      />
      <span
        style="display:inline-block;height:100%;font-size:13px;vertical-align:top;padding-left:4px;line-height:20px;"
      />
    </div>
  </div>
</div>
`;
