// Jest Snapshot v1, https://goo.gl/fbAQLP

exports[`ColorPanel renders correctly render correctly 1`] = `
<div
  style="position:relative;height:100%;background:linear-gradient(to top right, rgba(255,0,0,1),transparent, rgba(255,255,255,1) ), 
          linear-gradient(to bottom right, rgb(255,255,0), rgb(255,0,255) );cursor:default;"
>
  <div
    style="position:absolute;top:100%;left:0%;"
  >
    <div
      style="width:4px;height:4px;box-shadow:0 0 0 1.5px #fff, inset 0 0 1px 1px rgba(0,0,0,.3),
          0 0 1px 2px rgba(0,0,0,.4);border-radius:50%;transform:translate(-2px, -2px);"
    />
  </div>
</div>
`;
